<?xml version="1.0" encoding="UTF-8"?>
<testsuites name="jest tests" tests="231" failures="0" errors="0" time="2.119">
  <testsuite name="dividendYield" errors="0" failures="0" skipped="0" timestamp="2026-05-24T22:09:29" time="0.508" tests="17">
    <testcase classname="dividendYield computeDividendYield (pure function) cálculo básico calcula DY corretamente para valores positivos" name="dividendYield computeDividendYield (pure function) cálculo básico calcula DY corretamente para valores positivos" time="0.009">
    </testcase>
    <testcase classname="dividendYield computeDividendYield (pure function) cálculo básico arredonda DY para 2 casas decimais" name="dividendYield computeDividendYield (pure function) cálculo básico arredonda DY para 2 casas decimais" time="0.001">
    </testcase>
    <testcase classname="dividendYield computeDividendYield (pure function) cálculo básico retorna DY = 0 quando dividendo é zero" name="dividendYield computeDividendYield (pure function) cálculo básico retorna DY = 0 quando dividendo é zero" time="0.003">
    </testcase>
    <testcase classname="dividendYield computeDividendYield (pure function) classificação classifica como &quot;low&quot; quando DY &lt; 3%" name="dividendYield computeDividendYield (pure function) classificação classifica como &quot;low&quot; quando DY &lt; 3%" time="0.001">
    </testcase>
    <testcase classname="dividendYield computeDividendYield (pure function) classificação classifica como &quot;moderate&quot; quando 3% ≤ DY &lt; 6%" name="dividendYield computeDividendYield (pure function) classificação classifica como &quot;moderate&quot; quando 3% ≤ DY &lt; 6%" time="0.001">
    </testcase>
    <testcase classname="dividendYield computeDividendYield (pure function) classificação classifica como &quot;high&quot; quando 6% ≤ DY &lt; 10%" name="dividendYield computeDividendYield (pure function) classificação classifica como &quot;high&quot; quando 6% ≤ DY &lt; 10%" time="0">
    </testcase>
    <testcase classname="dividendYield computeDividendYield (pure function) classificação classifica como &quot;very_high&quot; quando DY ≥ 10%" name="dividendYield computeDividendYield (pure function) classificação classifica como &quot;very_high&quot; quando DY ≥ 10%" time="0.001">
    </testcase>
    <testcase classname="dividendYield computeDividendYield (pure function) limites de classificação (boundaries) classifica DY = 3% como &quot;moderate&quot;" name="dividendYield computeDividendYield (pure function) limites de classificação (boundaries) classifica DY = 3% como &quot;moderate&quot;" time="0.001">
    </testcase>
    <testcase classname="dividendYield computeDividendYield (pure function) limites de classificação (boundaries) classifica DY = 6% como &quot;high&quot;" name="dividendYield computeDividendYield (pure function) limites de classificação (boundaries) classifica DY = 6% como &quot;high&quot;" time="0.001">
    </testcase>
    <testcase classname="dividendYield computeDividendYield (pure function) limites de classificação (boundaries) classifica DY = 10% como &quot;very_high&quot;" name="dividendYield computeDividendYield (pure function) limites de classificação (boundaries) classifica DY = 10% como &quot;very_high&quot;" time="0.001">
    </testcase>
    <testcase classname="dividendYield computeDividendYield (pure function) validações lança erro quando sharePrice é zero" name="dividendYield computeDividendYield (pure function) validações lança erro quando sharePrice é zero" time="0.028">
    </testcase>
    <testcase classname="dividendYield computeDividendYield (pure function) validações lança erro quando sharePrice é negativo" name="dividendYield computeDividendYield (pure function) validações lança erro quando sharePrice é negativo" time="0.003">
    </testcase>
    <testcase classname="dividendYield computeDividendYield (pure function) validações lança erro quando dividendo é negativo" name="dividendYield computeDividendYield (pure function) validações lança erro quando dividendo é negativo" time="0.005">
    </testcase>
    <testcase classname="dividendYield calculateDividendYield (HTTP handler) sucesso (200) responde com 200 e o resultado quando o body é válido" name="dividendYield calculateDividendYield (HTTP handler) sucesso (200) responde com 200 e o resultado quando o body é válido" time="0.005">
    </testcase>
    <testcase classname="dividendYield calculateDividendYield (HTTP handler) erro (400) responde com 400 quando sharePrice é zero" name="dividendYield calculateDividendYield (HTTP handler) erro (400) responde com 400 quando sharePrice é zero" time="0.001">
    </testcase>
    <testcase classname="dividendYield calculateDividendYield (HTTP handler) erro (400) responde com 400 quando dividendo é negativo" name="dividendYield calculateDividendYield (HTTP handler) erro (400) responde com 400 quando dividendo é negativo" time="0.002">
    </testcase>
    <testcase classname="dividendYield calculateDividendYield (HTTP handler) erro (400) responde com 400 e mensagem genérica quando body não é um objeto" name="dividendYield calculateDividendYield (HTTP handler) erro (400) responde com 400 e mensagem genérica quando body não é um objeto" time="0.002">
    </testcase>
  </testsuite>
  <testsuite name="getCurrency" errors="0" failures="0" skipped="0" timestamp="2026-05-24T22:09:29" time="0.62" tests="55">
    <testcase classname="getCurrency retorna moeda para codigo valido em maiusculo" name="getCurrency retorna moeda para codigo valido em maiusculo" time="0.009">
    </testcase>
    <testcase classname="getCurrency retorna moeda para codigo valido em minusculo" name="getCurrency retorna moeda para codigo valido em minusculo" time="0.001">
    </testcase>
    <testcase classname="getCurrency retorna null para codigo inexistente" name="getCurrency retorna null para codigo inexistente" time="0.003">
    </testcase>
    <testcase classname="getCurrency retorna null para string vazia" name="getCurrency retorna null para string vazia" time="0.001">
    </testcase>
    <testcase classname="getAvailableCurrencies retorna exatamente 5 moedas" name="getAvailableCurrencies retorna exatamente 5 moedas" time="0.004">
    </testcase>
    <testcase classname="getAvailableCurrencies contem USD, EUR, GBP, JPY e ARS" name="getAvailableCurrencies contem USD, EUR, GBP, JPY e ARS" time="0.002">
    </testcase>
    <testcase classname="getAvailableCurrencies cada moeda tem codigo, nome, cotacao_brl e spread" name="getAvailableCurrencies cada moeda tem codigo, nome, cotacao_brl e spread" time="0.005">
    </testcase>
    <testcase classname="getAvailableCurrencies valores corretos para USD" name="getAvailableCurrencies valores corretos para USD" time="0">
    </testcase>
    <testcase classname="getAvailableCurrencies valores corretos para ARS" name="getAvailableCurrencies valores corretos para ARS" time="0.001">
    </testcase>
    <testcase classname="getAvailableCurrencies spread formatado como percentual" name="getAvailableCurrencies spread formatado como percentual" time="0.002">
    </testcase>
    <testcase classname="isValidType retorna true para &quot;comercial&quot;" name="isValidType retorna true para &quot;comercial&quot;" time="0.001">
    </testcase>
    <testcase classname="isValidType retorna true para &quot;turism&quot;" name="isValidType retorna true para &quot;turism&quot;" time="0.001">
    </testcase>
    <testcase classname="isValidType retorna false para tipo inexistente" name="isValidType retorna false para tipo inexistente" time="0.001">
    </testcase>
    <testcase classname="isValidType retorna false para string vazia" name="isValidType retorna false para string vazia" time="0">
    </testcase>
    <testcase classname="calcularIOF aliquota exata de 0.38% para comercial" name="calcularIOF aliquota exata de 0.38% para comercial" time="0.002">
    </testcase>
    <testcase classname="calcularIOF aliquota exata de 6.38% para turism" name="calcularIOF aliquota exata de 6.38% para turism" time="0.001">
    </testcase>
    <testcase classname="calcularIOF R$500 comercial: 500 × 0.38% = R$1.90" name="calcularIOF R$500 comercial: 500 × 0.38% = R$1.90" time="0.001">
    </testcase>
    <testcase classname="calcularIOF R$2500 turism: 2500 × 6.38% = R$159.50" name="calcularIOF R$2500 turism: 2500 × 6.38% = R$159.50" time="0">
    </testcase>
    <testcase classname="calcularIOF IOF turism e ~16.8x maior que comercial" name="calcularIOF IOF turism e ~16.8x maior que comercial" time="0.001">
    </testcase>
    <testcase classname="calcularIOF IOF e zero para valor zero" name="calcularIOF IOF e zero para valor zero" time="0">
    </testcase>
    <testcase classname="calcularIOF lanca erro para valor negativo" name="calcularIOF lanca erro para valor negativo" time="0.038">
    </testcase>
    <testcase classname="calcularIOF lanca erro para tipo invalido" name="calcularIOF lanca erro para tipo invalido" time="0.002">
    </testcase>
    <testcase classname="calcularIOF lanca erro para tipo vazio" name="calcularIOF lanca erro para tipo vazio" time="0.004">
    </testcase>
    <testcase classname="calcularTaxaServico R$1000 → R$20.00 (2%)" name="calcularTaxaServico R$1000 → R$20.00 (2%)" time="0">
    </testcase>
    <testcase classname="calcularTaxaServico R$250  → R$5.00  (2%)" name="calcularTaxaServico R$250  → R$5.00  (2%)" time="0">
    </testcase>
    <testcase classname="calcularTaxaServico R$1500 → R$30.00 (2%)" name="calcularTaxaServico R$1500 → R$30.00 (2%)" time="0.001">
    </testcase>
    <testcase classname="calcularTaxaServico retorna zero para valor zero" name="calcularTaxaServico retorna zero para valor zero" time="0">
    </testcase>
    <testcase classname="calcularTaxaServico dobrar o valor dobra a taxa" name="calcularTaxaServico dobrar o valor dobra a taxa" time="0">
    </testcase>
    <testcase classname="calcularTaxaServico lanca erro para valor negativo" name="calcularTaxaServico lanca erro para valor negativo" time="0.001">
    </testcase>
    <testcase classname="calcularSpread R$1000 com spread USD (1.5%) → R$15.00" name="calcularSpread R$1000 com spread USD (1.5%) → R$15.00" time="0">
    </testcase>
    <testcase classname="calcularSpread R$1000 com spread EUR (2.0%) → R$20.00" name="calcularSpread R$1000 com spread EUR (2.0%) → R$20.00" time="0">
    </testcase>
    <testcase classname="calcularSpread R$1000 com spread GBP (2.5%) → R$25.00" name="calcularSpread R$1000 com spread GBP (2.5%) → R$25.00" time="0">
    </testcase>
    <testcase classname="calcularSpread R$1000 com spread JPY (3.0%) → R$30.00" name="calcularSpread R$1000 com spread JPY (3.0%) → R$30.00" time="0">
    </testcase>
    <testcase classname="calcularSpread R$1000 com spread ARS (5.0%) → R$50.00" name="calcularSpread R$1000 com spread ARS (5.0%) → R$50.00" time="0.001">
    </testcase>
    <testcase classname="calcularSpread retorna zero para valor zero" name="calcularSpread retorna zero para valor zero" time="0.004">
    </testcase>
    <testcase classname="calcularSpread retorna zero para spread zero" name="calcularSpread retorna zero para spread zero" time="0.001">
    </testcase>
    <testcase classname="calcularSpread lanca erro para valor negativo" name="calcularSpread lanca erro para valor negativo" time="0.005">
    </testcase>
    <testcase classname="calcularSpread lanca erro para spread negativo" name="calcularSpread lanca erro para spread negativo" time="0.008">
    </testcase>
    <testcase classname="calcularConversao USD comercial R$1000: descontos corretos" name="calcularConversao USD comercial R$1000: descontos corretos" time="0.002">
    </testcase>
    <testcase classname="calcularConversao USD comercial R$1000: valor efetivo = R$961.20" name="calcularConversao USD comercial R$1000: valor efetivo = R$961.20" time="0.001">
    </testcase>
    <testcase classname="calcularConversao USD comercial R$1000: cotacao base=5.25, com spread~5.3288" name="calcularConversao USD comercial R$1000: cotacao base=5.25, com spread~5.3288" time="0.001">
    </testcase>
    <testcase classname="calcularConversao USD comercial R$1000: valor convertido = 180.38 USD" name="calcularConversao USD comercial R$1000: valor convertido = 180.38 USD" time="0.007">
    </testcase>
    <testcase classname="calcularConversao USD turism R$1000: IOF = R$63.80" name="calcularConversao USD turism R$1000: IOF = R$63.80" time="0.001">
    </testcase>
    <testcase classname="calcularConversao USD turism R$1000: valor convertido = 169.1203 USD" name="calcularConversao USD turism R$1000: valor convertido = 169.1203 USD" time="0.001">
    </testcase>
    <testcase classname="calcularConversao EUR comercial R$1000: descontos corretos" name="calcularConversao EUR comercial R$1000: descontos corretos" time="0.001">
    </testcase>
    <testcase classname="calcularConversao EUR comercial R$1000: cotacao com spread = 5.814" name="calcularConversao EUR comercial R$1000: cotacao com spread = 5.814" time="0.001">
    </testcase>
    <testcase classname="calcularConversao GBP comercial R$1000: descontos corretos" name="calcularConversao GBP comercial R$1000: descontos corretos" time="0.006">
    </testcase>
    <testcase classname="calcularConversao ARS comercial R$1000: spread alto (5%) = R$50.00" name="calcularConversao ARS comercial R$1000: spread alto (5%) = R$50.00" time="0.001">
    </testcase>
    <testcase classname="calcularConversao turism tem mais desconto que comercial para todas as moedas" name="calcularConversao turism tem mais desconto que comercial para todas as moedas" time="0.002">
    </testcase>
    <testcase classname="calcularConversao aliquota de IOF correta na resposta" name="calcularConversao aliquota de IOF correta na resposta" time="0.001">
    </testcase>
    <testcase classname="calcularConversao codigo da moeda retornado em maiusculo" name="calcularConversao codigo da moeda retornado em maiusculo" time="0">
    </testcase>
    <testcase classname="calcularConversao lanca erro para moeda inexistente" name="calcularConversao lanca erro para moeda inexistente" time="0.009">
    </testcase>
    <testcase classname="calcularConversao lanca erro para valor negativo" name="calcularConversao lanca erro para valor negativo" time="0.001">
    </testcase>
    <testcase classname="calcularConversao lanca erro para valor zero" name="calcularConversao lanca erro para valor zero" time="0.002">
    </testcase>
    <testcase classname="calcularConversao lanca erro para tipo invalido" name="calcularConversao lanca erro para tipo invalido" time="0.002">
    </testcase>
  </testsuite>
  <testsuite name="calcularMKM" errors="0" failures="0" skipped="0" timestamp="2026-05-24T22:09:29" time="0.664" tests="17">
    <testcase classname="calcularMKM deve calcular MKM com valores válidos" name="calcularMKM deve calcular MKM com valores válidos" time="0.011">
    </testcase>
    <testcase classname="calcularMKM deve lançar erro quando dv for menor ou igual a zero" name="calcularMKM deve lançar erro quando dv for menor ou igual a zero" time="0.026">
    </testcase>
    <testcase classname="calcularMKM deve lançar erro quando df for menor ou igual a zero" name="calcularMKM deve lançar erro quando df for menor ou igual a zero" time="0.002">
    </testcase>
    <testcase classname="calcularMKM deve lançar erro quando ml for menor ou igual a zero" name="calcularMKM deve lançar erro quando ml for menor ou igual a zero" time="0.003">
    </testcase>
    <testcase classname="calcularMKM deve retornar valor numérico" name="calcularMKM deve retornar valor numérico" time="0.002">
    </testcase>
    <testcase classname="calcularPrecoVenda deve calcular preço de venda com valores válidos" name="calcularPrecoVenda deve calcular preço de venda com valores válidos" time="0.091">
    </testcase>
    <testcase classname="calcularPrecoVenda deve lançar erro quando preco for menor ou igual a zero" name="calcularPrecoVenda deve lançar erro quando preco for menor ou igual a zero" time="0.023">
    </testcase>
    <testcase classname="calcularPrecoVenda deve lançar erro quando dv for menor ou igual a zero" name="calcularPrecoVenda deve lançar erro quando dv for menor ou igual a zero" time="0.007">
    </testcase>
    <testcase classname="calcularPrecoVenda deve lançar erro quando df for menor ou igual a zero" name="calcularPrecoVenda deve lançar erro quando df for menor ou igual a zero" time="0.01">
    </testcase>
    <testcase classname="calcularPrecoVenda deve lançar erro quando ml for menor ou igual a zero" name="calcularPrecoVenda deve lançar erro quando ml for menor ou igual a zero" time="0.011">
    </testcase>
    <testcase classname="calcularPrecoVenda deve usar valores padrão quando parâmetros não fornecidos" name="calcularPrecoVenda deve usar valores padrão quando parâmetros não fornecidos" time="0.009">
    </testcase>
    <testcase classname="calcularPrecoVenda deve retornar string formatada com 2 casas decimais" name="calcularPrecoVenda deve retornar string formatada com 2 casas decimais" time="0.003">
    </testcase>
    <testcase classname="calcularDesconto deve calcular preço com desconto com valores válidos" name="calcularDesconto deve calcular preço com desconto com valores válidos" time="0.001">
    </testcase>
    <testcase classname="calcularDesconto deve lançar erro quando preco for menor ou igual a zero" name="calcularDesconto deve lançar erro quando preco for menor ou igual a zero" time="0.002">
    </testcase>
    <testcase classname="calcularDesconto deve lançar erro quando desconto for menor que zero" name="calcularDesconto deve lançar erro quando desconto for menor que zero" time="0.002">
    </testcase>
    <testcase classname="calcularDesconto deve lançar erro quando desconto for maior que 100" name="calcularDesconto deve lançar erro quando desconto for maior que 100" time="0.001">
    </testcase>
    <testcase classname="calcularDesconto deve retornar string formatada com 2 casas decimais" name="calcularDesconto deve retornar string formatada com 2 casas decimais" time="0.006">
    </testcase>
  </testsuite>
  <testsuite name="calcularINSS" errors="0" failures="0" skipped="0" timestamp="2026-05-24T22:09:30" time="0.092" tests="14">
    <testcase classname="calcularINSS alíquota 7,5% para salário até R$1.412" name="calcularINSS alíquota 7,5% para salário até R$1.412" time="0.002">
    </testcase>
    <testcase classname="calcularINSS alíquota 9% para salário R$2.000" name="calcularINSS alíquota 9% para salário R$2.000" time="0.001">
    </testcase>
    <testcase classname="calcularINSS alíquota 12% para salário R$3.500" name="calcularINSS alíquota 12% para salário R$3.500" time="0">
    </testcase>
    <testcase classname="calcularSalarioMensal retorna todos os campos esperados" name="calcularSalarioMensal retorna todos os campos esperados" time="0.001">
    </testcase>
    <testcase classname="calcularSalarioMensal FGTS é 8% do salário bruto" name="calcularSalarioMensal FGTS é 8% do salário bruto" time="0.001">
    </testcase>
    <testcase classname="calcularSalarioMensal salário líquido = bruto - INSS" name="calcularSalarioMensal salário líquido = bruto - INSS" time="0">
    </testcase>
    <testcase classname="calcularFerias retorna campos de férias" name="calcularFerias retorna campos de férias" time="0.001">
    </testcase>
    <testcase classname="calcularFerias 1/3 constitucional é salário/3" name="calcularFerias 1/3 constitucional é salário/3" time="0.001">
    </testcase>
    <testcase classname="calcularRescisao sem justa causa inclui aviso prévio e multa 40%" name="calcularRescisao sem justa causa inclui aviso prévio e multa 40%" time="0.001">
    </testcase>
    <testcase classname="calcularRescisao justa causa não tem aviso prévio nem multa" name="calcularRescisao justa causa não tem aviso prévio nem multa" time="0.001">
    </testcase>
    <testcase classname="calcularRescisao pedido de demissão tem multa de 20%" name="calcularRescisao pedido de demissão tem multa de 20%" time="0.001">
    </testcase>
    <testcase classname="calcularDecimoTerceiro 12 meses = salário cheio bruto" name="calcularDecimoTerceiro 12 meses = salário cheio bruto" time="0.001">
    </testcase>
    <testcase classname="calcularDecimoTerceiro 6 meses = metade do salário bruto" name="calcularDecimoTerceiro 6 meses = metade do salário bruto" time="0.001">
    </testcase>
    <testcase classname="calcularDecimoTerceiro décimo líquido = bruto - INSS" name="calcularDecimoTerceiro décimo líquido = bruto - INSS" time="0">
    </testcase>
  </testsuite>
  <testsuite name="calcularMKM" errors="0" failures="0" skipped="0" timestamp="2026-05-24T22:09:29" time="0.389" tests="17">
    <testcase classname="calcularMKM deve calcular MKM com valores válidos" name="calcularMKM deve calcular MKM com valores válidos" time="0.007">
    </testcase>
    <testcase classname="calcularMKM deve lançar erro quando dv for menor ou igual a zero" name="calcularMKM deve lançar erro quando dv for menor ou igual a zero" time="0.038">
    </testcase>
    <testcase classname="calcularMKM deve lançar erro quando df for menor ou igual a zero" name="calcularMKM deve lançar erro quando df for menor ou igual a zero" time="0.029">
    </testcase>
    <testcase classname="calcularMKM deve lançar erro quando ml for menor ou igual a zero" name="calcularMKM deve lançar erro quando ml for menor ou igual a zero" time="0.01">
    </testcase>
    <testcase classname="calcularMKM deve retornar valor numérico" name="calcularMKM deve retornar valor numérico" time="0.013">
    </testcase>
    <testcase classname="calcularPrecoVenda deve calcular preço de venda com valores válidos" name="calcularPrecoVenda deve calcular preço de venda com valores válidos" time="0.09">
    </testcase>
    <testcase classname="calcularPrecoVenda deve lançar erro quando preco for menor ou igual a zero" name="calcularPrecoVenda deve lançar erro quando preco for menor ou igual a zero" time="0.011">
    </testcase>
    <testcase classname="calcularPrecoVenda deve lançar erro quando dv for menor ou igual a zero" name="calcularPrecoVenda deve lançar erro quando dv for menor ou igual a zero" time="0.01">
    </testcase>
    <testcase classname="calcularPrecoVenda deve lançar erro quando df for menor ou igual a zero" name="calcularPrecoVenda deve lançar erro quando df for menor ou igual a zero" time="0.011">
    </testcase>
    <testcase classname="calcularPrecoVenda deve lançar erro quando ml for menor ou igual a zero" name="calcularPrecoVenda deve lançar erro quando ml for menor ou igual a zero" time="0.035">
    </testcase>
    <testcase classname="calcularPrecoVenda deve usar valores padrão quando parâmetros não fornecidos" name="calcularPrecoVenda deve usar valores padrão quando parâmetros não fornecidos" time="0.007">
    </testcase>
    <testcase classname="calcularPrecoVenda deve retornar string formatada com 2 casas decimais" name="calcularPrecoVenda deve retornar string formatada com 2 casas decimais" time="0.003">
    </testcase>
    <testcase classname="calcularDesconto deve calcular preço com desconto com valores válidos" name="calcularDesconto deve calcular preço com desconto com valores válidos" time="0.001">
    </testcase>
    <testcase classname="calcularDesconto deve lançar erro quando preco for menor ou igual a zero" name="calcularDesconto deve lançar erro quando preco for menor ou igual a zero" time="0.005">
    </testcase>
    <testcase classname="calcularDesconto deve lançar erro quando desconto for menor que zero" name="calcularDesconto deve lançar erro quando desconto for menor que zero" time="0.002">
    </testcase>
    <testcase classname="calcularDesconto deve lançar erro quando desconto for maior que 100" name="calcularDesconto deve lançar erro quando desconto for maior que 100" time="0.002">
    </testcase>
    <testcase classname="calcularDesconto deve retornar string formatada com 2 casas decimais" name="calcularDesconto deve retornar string formatada com 2 casas decimais" time="0.001">
    </testcase>
  </testsuite>
  <testsuite name="payoutRatio" errors="0" failures="0" skipped="0" timestamp="2026-05-24T22:09:30" time="0.164" tests="16">
    <testcase classname="payoutRatio computePayoutRatio (pure function) cálculo básico calcula payout e retention corretamente" name="payoutRatio computePayoutRatio (pure function) cálculo básico calcula payout e retention corretamente" time="0.007">
    </testcase>
    <testcase classname="payoutRatio computePayoutRatio (pure function) cálculo básico retorna payout=0 e retention=100 quando dividendo é zero" name="payoutRatio computePayoutRatio (pure function) cálculo básico retorna payout=0 e retention=100 quando dividendo é zero" time="0.004">
    </testcase>
    <testcase classname="payoutRatio computePayoutRatio (pure function) cálculo básico arredonda payout e retention para 2 casas decimais" name="payoutRatio computePayoutRatio (pure function) cálculo básico arredonda payout e retention para 2 casas decimais" time="0.001">
    </testcase>
    <testcase classname="payoutRatio computePayoutRatio (pure function) cálculo básico aceita payout acima de 100% (dividendo &gt; lucro) com retention negativo" name="payoutRatio computePayoutRatio (pure function) cálculo básico aceita payout acima de 100% (dividendo &gt; lucro) com retention negativo" time="0.001">
    </testcase>
    <testcase classname="payoutRatio computePayoutRatio (pure function) classificação de risco classifica risco como &quot;low&quot; quando payout ≤ 50%" name="payoutRatio computePayoutRatio (pure function) classificação de risco classifica risco como &quot;low&quot; quando payout ≤ 50%" time="0">
    </testcase>
    <testcase classname="payoutRatio computePayoutRatio (pure function) classificação de risco classifica risco como &quot;moderate&quot; quando 50% &lt; payout ≤ 75%" name="payoutRatio computePayoutRatio (pure function) classificação de risco classifica risco como &quot;moderate&quot; quando 50% &lt; payout ≤ 75%" time="0">
    </testcase>
    <testcase classname="payoutRatio computePayoutRatio (pure function) classificação de risco classifica risco como &quot;high&quot; quando payout &gt; 75%" name="payoutRatio computePayoutRatio (pure function) classificação de risco classifica risco como &quot;high&quot; quando payout &gt; 75%" time="0.001">
    </testcase>
    <testcase classname="payoutRatio computePayoutRatio (pure function) limites de classificação (boundaries) classifica payout = 50% como &quot;low&quot; e sustentável" name="payoutRatio computePayoutRatio (pure function) limites de classificação (boundaries) classifica payout = 50% como &quot;low&quot; e sustentável" time="0.002">
    </testcase>
    <testcase classname="payoutRatio computePayoutRatio (pure function) limites de classificação (boundaries) classifica payout = 75% como &quot;moderate&quot; e sustentável" name="payoutRatio computePayoutRatio (pure function) limites de classificação (boundaries) classifica payout = 75% como &quot;moderate&quot; e sustentável" time="0.001">
    </testcase>
    <testcase classname="payoutRatio computePayoutRatio (pure function) limites de classificação (boundaries) classifica payout = 75.01% como &quot;high&quot; e não sustentável" name="payoutRatio computePayoutRatio (pure function) limites de classificação (boundaries) classifica payout = 75.01% como &quot;high&quot; e não sustentável" time="0.001">
    </testcase>
    <testcase classname="payoutRatio computePayoutRatio (pure function) validações lança erro quando EPS é zero" name="payoutRatio computePayoutRatio (pure function) validações lança erro quando EPS é zero" time="0.014">
    </testcase>
    <testcase classname="payoutRatio computePayoutRatio (pure function) validações lança erro quando EPS é negativo" name="payoutRatio computePayoutRatio (pure function) validações lança erro quando EPS é negativo" time="0.001">
    </testcase>
    <testcase classname="payoutRatio calculatePayoutRatio (HTTP handler) sucesso (200) responde com 200 e o resultado completo quando o body é válido" name="payoutRatio calculatePayoutRatio (HTTP handler) sucesso (200) responde com 200 e o resultado completo quando o body é válido" time="0.011">
    </testcase>
    <testcase classname="payoutRatio calculatePayoutRatio (HTTP handler) erro (400) responde com 400 quando EPS é zero" name="payoutRatio calculatePayoutRatio (HTTP handler) erro (400) responde com 400 quando EPS é zero" time="0.002">
    </testcase>
    <testcase classname="payoutRatio calculatePayoutRatio (HTTP handler) erro (400) responde com 400 quando EPS é negativo" name="payoutRatio calculatePayoutRatio (HTTP handler) erro (400) responde com 400 quando EPS é negativo" time="0.001">
    </testcase>
    <testcase classname="payoutRatio calculatePayoutRatio (HTTP handler) erro (400) responde com 400 quando body não é um objeto" name="payoutRatio calculatePayoutRatio (HTTP handler) erro (400) responde com 400 quando body não é um objeto" time="0.008">
    </testcase>
  </testsuite>
  <testsuite name="Teste de Saude -&gt; GET /health" errors="0" failures="0" skipped="0" timestamp="2026-05-24T22:09:29" time="1.085" tests="1">
    <testcase classname="Teste de Saude -&gt; GET /health deve retornar status ok" name="Teste de Saude -&gt; GET /health deve retornar status ok" time="0.066">
    </testcase>
  </testsuite>
  <testsuite name="login" errors="0" failures="0" skipped="0" timestamp="2026-05-24T22:09:30" time="0.178" tests="13">
    <testcase classname="login sucesso (200) responde com 200 e mensagem de sucesso quando login e senha estão corretos" name="login sucesso (200) responde com 200 e mensagem de sucesso quando login e senha estão corretos" time="0.006">
    </testcase>
    <testcase classname="login erro de autenticação (401) responde com 401 quando login está incorreto" name="login erro de autenticação (401) responde com 401 quando login está incorreto" time="0.002">
    </testcase>
    <testcase classname="login erro de autenticação (401) responde com 401 quando senha está incorreta" name="login erro de autenticação (401) responde com 401 quando senha está incorreta" time="0.005">
    </testcase>
    <testcase classname="login erro de autenticação (401) responde com 401 quando login e senha estão incorretos" name="login erro de autenticação (401) responde com 401 quando login e senha estão incorretos" time="0.001">
    </testcase>
    <testcase classname="login erro de autenticação (401) responde com 401 quando é case-sensitive no login" name="login erro de autenticação (401) responde com 401 quando é case-sensitive no login" time="0.002">
    </testcase>
    <testcase classname="login erro de autenticação (401) responde com 401 quando login e senha estão vazios (strings vazias)" name="login erro de autenticação (401) responde com 401 quando login e senha estão vazios (strings vazias)" time="0.001">
    </testcase>
    <testcase classname="login erro de validação (400) responde com 400 quando body é undefined" name="login erro de validação (400) responde com 400 quando body é undefined" time="0.003">
    </testcase>
    <testcase classname="login erro de validação (400) responde com 400 quando body é null" name="login erro de validação (400) responde com 400 quando body é null" time="0.002">
    </testcase>
    <testcase classname="login erro de validação (400) responde com 400 quando body não contém o campo login" name="login erro de validação (400) responde com 400 quando body não contém o campo login" time="0.002">
    </testcase>
    <testcase classname="login erro de validação (400) responde com 400 quando body não contém o campo password" name="login erro de validação (400) responde com 400 quando body não contém o campo password" time="0.001">
    </testcase>
    <testcase classname="login erro de validação (400) responde com 400 quando login não é uma string" name="login erro de validação (400) responde com 400 quando login não é uma string" time="0.001">
    </testcase>
    <testcase classname="login erro de validação (400) responde com 400 quando password não é uma string" name="login erro de validação (400) responde com 400 quando password não é uma string" time="0.007">
    </testcase>
    <testcase classname="login erro de validação (400) responde com 400 quando body é uma string" name="login erro de validação (400) responde com 400 quando body é uma string" time="0">
    </testcase>
  </testsuite>
  <testsuite name="drip" errors="0" failures="0" skipped="0" timestamp="2026-05-24T22:09:30" time="0.132" tests="17">
    <testcase classname="drip computeDRIP (pure function) happy path simula DRIP anual simples por 1 ano sem aportes" name="drip computeDRIP (pure function) happy path simula DRIP anual simples por 1 ano sem aportes" time="0.002">
    </testcase>
    <testcase classname="drip computeDRIP (pure function) happy path simula DRIP anual por 3 anos (juros compostos)" name="drip computeDRIP (pure function) happy path simula DRIP anual por 3 anos (juros compostos)" time="0.001">
    </testcase>
    <testcase classname="drip computeDRIP (pure function) frequência de pagamento produz valor futuro maior com frequência mensal vs anual" name="drip computeDRIP (pure function) frequência de pagamento produz valor futuro maior com frequência mensal vs anual" time="0.001">
    </testcase>
    <testcase classname="drip computeDRIP (pure function) frequência de pagamento simula DRIP trimestral corretamente (4 períodos por ano)" name="drip computeDRIP (pure function) frequência de pagamento simula DRIP trimestral corretamente (4 períodos por ano)" time="0.001">
    </testcase>
    <testcase classname="drip computeDRIP (pure function) parâmetros opcionais usa default 0 para growth e contribution quando omitidos" name="drip computeDRIP (pure function) parâmetros opcionais usa default 0 para growth e contribution quando omitidos" time="0.001">
    </testcase>
    <testcase classname="drip computeDRIP (pure function) parâmetros opcionais soma aportes mensais corretamente com frequency=12" name="drip computeDRIP (pure function) parâmetros opcionais soma aportes mensais corretamente com frequency=12" time="0.002">
    </testcase>
    <testcase classname="drip computeDRIP (pure function) parâmetros opcionais agrega aportes mensais por período quando frequency=1" name="drip computeDRIP (pure function) parâmetros opcionais agrega aportes mensais por período quando frequency=1" time="0.001">
    </testcase>
    <testcase classname="drip computeDRIP (pure function) parâmetros opcionais aumenta dividendos ano a ano quando annualDividendGrowth &gt; 0" name="drip computeDRIP (pure function) parâmetros opcionais aumenta dividendos ano a ano quando annualDividendGrowth &gt; 0" time="0.001">
    </testcase>
    <testcase classname="drip computeDRIP (pure function) parâmetros opcionais aplica crescimento de cotas (annualShareGrowth) ao valor final do ano" name="drip computeDRIP (pure function) parâmetros opcionais aplica crescimento de cotas (annualShareGrowth) ao valor final do ano" time="0.001">
    </testcase>
    <testcase classname="drip computeDRIP (pure function) estrutura do yearByYear retorna um item por ano com os campos year, value, dividends, contributed" name="drip computeDRIP (pure function) estrutura do yearByYear retorna um item por ano com os campos year, value, dividends, contributed" time="0.001">
    </testcase>
    <testcase classname="drip computeDRIP (pure function) estrutura do yearByYear mantém contributed monotonicamente crescente com aportes" name="drip computeDRIP (pure function) estrutura do yearByYear mantém contributed monotonicamente crescente com aportes" time="0">
    </testcase>
    <testcase classname="drip computeDRIP (pure function) retorno total calcula totalReturn como ((futureValue / totalContributed) - 1) * 100" name="drip computeDRIP (pure function) retorno total calcula totalReturn como ((futureValue / totalContributed) - 1) * 100" time="0">
    </testcase>
    <testcase classname="drip computeDRIP (pure function) retorno total mantém a fórmula de retorno quando há aportes" name="drip computeDRIP (pure function) retorno total mantém a fórmula de retorno quando há aportes" time="0.001">
    </testcase>
    <testcase classname="drip computeDRIP (pure function) edge cases retorna estado inicial quando years = 0" name="drip computeDRIP (pure function) edge cases retorna estado inicial quando years = 0" time="0">
    </testcase>
    <testcase classname="drip computeDRIP (pure function) edge cases arredonda todos os campos numéricos a 2 casas decimais" name="drip computeDRIP (pure function) edge cases arredonda todos os campos numéricos a 2 casas decimais" time="0.001">
    </testcase>
    <testcase classname="drip calculateDRIP (HTTP handler) sucesso responde com o resultado em JSON quando o body é válido" name="drip calculateDRIP (HTTP handler) sucesso responde com o resultado em JSON quando o body é válido" time="0.002">
    </testcase>
    <testcase classname="drip calculateDRIP (HTTP handler) erro (400) responde com 400 e mensagem genérica quando body é undefined" name="drip calculateDRIP (HTTP handler) erro (400) responde com 400 e mensagem genérica quando body é undefined" time="0.003">
    </testcase>
  </testsuite>
  <testsuite name="GET /ETEC1 — health check da equipe" errors="0" failures="0" skipped="0" timestamp="2026-05-24T22:09:29" time="1.309" tests="22">
    <testcase classname="GET /ETEC1 — health check da equipe deve retornar identificação do Time_2" name="GET /ETEC1 — health check da equipe deve retornar identificação do Time_2" time="0.075">
    </testcase>
    <testcase classname="POST /ETEC1/salario deve calcular encargos para salário válido" name="POST /ETEC1/salario deve calcular encargos para salário válido" time="0.066">
    </testcase>
    <testcase classname="POST /ETEC1/salario FGTS deve ser 8% do salário bruto" name="POST /ETEC1/salario FGTS deve ser 8% do salário bruto" time="0.009">
    </testcase>
    <testcase classname="POST /ETEC1/salario salário líquido deve ser menor que o bruto" name="POST /ETEC1/salario salário líquido deve ser menor que o bruto" time="0.024">
    </testcase>
    <testcase classname="POST /ETEC1/salario deve retornar erro 400 para salário ausente" name="POST /ETEC1/salario deve retornar erro 400 para salário ausente" time="0.025">
    </testcase>
    <testcase classname="POST /ETEC1/salario deve retornar erro 400 para salário negativo" name="POST /ETEC1/salario deve retornar erro 400 para salário negativo" time="0.011">
    </testcase>
    <testcase classname="POST /ETEC1/salario deve retornar erro 400 para salário zero" name="POST /ETEC1/salario deve retornar erro 400 para salário zero" time="0.012">
    </testcase>
    <testcase classname="POST /ETEC1/ferias deve calcular férias para salário válido" name="POST /ETEC1/ferias deve calcular férias para salário válido" time="0.011">
    </testcase>
    <testcase classname="POST /ETEC1/ferias 1/3 constitucional deve ser salário / 3" name="POST /ETEC1/ferias 1/3 constitucional deve ser salário / 3" time="0.017">
    </testcase>
    <testcase classname="POST /ETEC1/ferias total bruto deve ser salário + 1/3" name="POST /ETEC1/ferias total bruto deve ser salário + 1/3" time="0.009">
    </testcase>
    <testcase classname="POST /ETEC1/ferias deve retornar erro 400 para salário ausente" name="POST /ETEC1/ferias deve retornar erro 400 para salário ausente" time="0.009">
    </testcase>
    <testcase classname="POST /ETEC1/rescisao sem justa causa deve incluir aviso prévio e multa de 40%" name="POST /ETEC1/rescisao sem justa causa deve incluir aviso prévio e multa de 40%" time="0.008">
    </testcase>
    <testcase classname="POST /ETEC1/rescisao justa causa não deve ter aviso prévio nem multa" name="POST /ETEC1/rescisao justa causa não deve ter aviso prévio nem multa" time="0.009">
    </testcase>
    <testcase classname="POST /ETEC1/rescisao pedido de demissão deve ter multa de 20% (metade da sem justa causa)" name="POST /ETEC1/rescisao pedido de demissão deve ter multa de 20% (metade da sem justa causa)" time="0.007">
    </testcase>
    <testcase classname="POST /ETEC1/rescisao deve retornar erro 400 para motivo inválido" name="POST /ETEC1/rescisao deve retornar erro 400 para motivo inválido" time="0.007">
    </testcase>
    <testcase classname="POST /ETEC1/rescisao deve retornar erro 400 para meses ausentes" name="POST /ETEC1/rescisao deve retornar erro 400 para meses ausentes" time="0.007">
    </testcase>
    <testcase classname="POST /ETEC1/rescisao deve retornar erro 400 para salário ausente" name="POST /ETEC1/rescisao deve retornar erro 400 para salário ausente" time="0.009">
    </testcase>
    <testcase classname="POST /ETEC1/decimoterceiro deve calcular 13º para 12 meses trabalhados" name="POST /ETEC1/decimoterceiro deve calcular 13º para 12 meses trabalhados" time="0.007">
    </testcase>
    <testcase classname="POST /ETEC1/decimoterceiro deve calcular 13º proporcional para 6 meses" name="POST /ETEC1/decimoterceiro deve calcular 13º proporcional para 6 meses" time="0.01">
    </testcase>
    <testcase classname="POST /ETEC1/decimoterceiro décimo líquido deve ser menor que o bruto" name="POST /ETEC1/decimoterceiro décimo líquido deve ser menor que o bruto" time="0.006">
    </testcase>
    <testcase classname="POST /ETEC1/decimoterceiro deve retornar erro 400 para meses ausentes" name="POST /ETEC1/decimoterceiro deve retornar erro 400 para meses ausentes" time="0.008">
    </testcase>
    <testcase classname="POST /ETEC1/decimoterceiro deve retornar erro 400 para salário ausente" name="POST /ETEC1/decimoterceiro deve retornar erro 400 para salário ausente" time="0.008">
    </testcase>
  </testsuite>
  <testsuite name="POST /api/exg/login" errors="0" failures="0" skipped="0" timestamp="2026-05-24T22:09:29" time="1.433" tests="26">
    <testcase classname="POST /api/exg/login retorna token com credenciais validas" name="POST /api/exg/login retorna token com credenciais validas" time="0.139">
    </testcase>
    <testcase classname="POST /api/exg/login token retornado e uma string nao vazia" name="POST /api/exg/login token retornado e uma string nao vazia" time="0.013">
    </testcase>
    <testcase classname="POST /api/exg/login retorna 401 com usuario errado" name="POST /api/exg/login retorna 401 com usuario errado" time="0.014">
    </testcase>
    <testcase classname="POST /api/exg/login retorna 401 com senha errada" name="POST /api/exg/login retorna 401 com senha errada" time="0.009">
    </testcase>
    <testcase classname="POST /api/exg/login retorna 401 sem body" name="POST /api/exg/login retorna 401 sem body" time="0.016">
    </testcase>
    <testcase classname="POST /api/exg/login retorna 401 para credenciais em maiusculo" name="POST /api/exg/login retorna 401 para credenciais em maiusculo" time="0.009">
    </testcase>
    <testcase classname="POST /api/exg/auth valida token correto" name="POST /api/exg/auth valida token correto" time="0.008">
    </testcase>
    <testcase classname="POST /api/exg/auth retorna 401 para token invalido" name="POST /api/exg/auth retorna 401 para token invalido" time="0.009">
    </testcase>
    <testcase classname="POST /api/exg/auth retorna 401 para token vazio" name="POST /api/exg/auth retorna 401 para token vazio" time="0.012">
    </testcase>
    <testcase classname="POST /api/exg/auth token do login e aceito no auth" name="POST /api/exg/auth token do login e aceito no auth" time="0.016">
    </testcase>
    <testcase classname="GET /api/exg/listCurrency retorna lista de moedas" name="GET /api/exg/listCurrency retorna lista de moedas" time="0.005">
    </testcase>
    <testcase classname="GET /api/exg/listCurrency retorna exatamente 5 moedas" name="GET /api/exg/listCurrency retorna exatamente 5 moedas" time="0.006">
    </testcase>
    <testcase classname="GET /api/exg/listCurrency cada moeda tem os campos obrigatorios" name="GET /api/exg/listCurrency cada moeda tem os campos obrigatorios" time="0.01">
    </testcase>
    <testcase classname="GET /api/exg/listCurrency contem USD, EUR e GBP" name="GET /api/exg/listCurrency contem USD, EUR e GBP" time="0.006">
    </testcase>
    <testcase classname="POST /api/exg/exchange converte USD comercial" name="POST /api/exg/exchange converte USD comercial" time="0.01">
    </testcase>
    <testcase classname="POST /api/exg/exchange converte EUR turismo" name="POST /api/exg/exchange converte EUR turismo" time="0.006">
    </testcase>
    <testcase classname="POST /api/exg/exchange aceita currencyCode em minusculo" name="POST /api/exg/exchange aceita currencyCode em minusculo" time="0.009">
    </testcase>
    <testcase classname="POST /api/exg/exchange turismo tem IOF maior que comercial" name="POST /api/exg/exchange turismo tem IOF maior que comercial" time="0.013">
    </testcase>
    <testcase classname="POST /api/exg/exchange resposta tem estrutura completa de descontos" name="POST /api/exg/exchange resposta tem estrutura completa de descontos" time="0.007">
    </testcase>
    <testcase classname="POST /api/exg/exchange retorna 401 sem token" name="POST /api/exg/exchange retorna 401 sem token" time="0.006">
    </testcase>
    <testcase classname="POST /api/exg/exchange retorna 401 com token invalido" name="POST /api/exg/exchange retorna 401 com token invalido" time="0.007">
    </testcase>
    <testcase classname="POST /api/exg/exchange retorna 400 sem currencyCode" name="POST /api/exg/exchange retorna 400 sem currencyCode" time="0.004">
    </testcase>
    <testcase classname="POST /api/exg/exchange retorna 400 com valor zero" name="POST /api/exg/exchange retorna 400 com valor zero" time="0.005">
    </testcase>
    <testcase classname="POST /api/exg/exchange retorna 400 com valor negativo" name="POST /api/exg/exchange retorna 400 com valor negativo" time="0.038">
    </testcase>
    <testcase classname="POST /api/exg/exchange retorna 400 com tipo invalido" name="POST /api/exg/exchange retorna 400 com tipo invalido" time="0.01">
    </testcase>
    <testcase classname="POST /api/exg/exchange retorna 404 para moeda inexistente" name="POST /api/exg/exchange retorna 404 para moeda inexistente" time="0.013">
    </testcase>
  </testsuite>
  <testsuite name="GET /api/markup — health check da equipe" errors="0" failures="0" skipped="0" timestamp="2026-05-24T22:09:29" time="1.401" tests="16">
    <testcase classname="GET /api/markup — health check da equipe deve retornar identificação do Markup" name="GET /api/markup — health check da equipe deve retornar identificação do Markup" time="0.082">
    </testcase>
    <testcase classname="POST /api/markup/calcularPrecoVenda deve calcular preço de venda para dados válidos" name="POST /api/markup/calcularPrecoVenda deve calcular preço de venda para dados válidos" time="0.122">
    </testcase>
    <testcase classname="POST /api/markup/calcularPrecoVenda deve retornar erro 400 para corpo inválido" name="POST /api/markup/calcularPrecoVenda deve retornar erro 400 para corpo inválido" time="0.015">
    </testcase>
    <testcase classname="POST /api/markup/calcularPrecoVenda deve retornar erro 400 para preço zero" name="POST /api/markup/calcularPrecoVenda deve retornar erro 400 para preço zero" time="0.013">
    </testcase>
    <testcase classname="POST /api/markup/calcularPrecoVenda deve retornar erro 400 para dv zero" name="POST /api/markup/calcularPrecoVenda deve retornar erro 400 para dv zero" time="0.015">
    </testcase>
    <testcase classname="POST /api/markup/calcularMarkupMultiplicador deve calcular markup para valores válidos" name="POST /api/markup/calcularMarkupMultiplicador deve calcular markup para valores válidos" time="0.012">
    </testcase>
    <testcase classname="POST /api/markup/calcularMarkupMultiplicador deve retornar erro 400 para dv zero" name="POST /api/markup/calcularMarkupMultiplicador deve retornar erro 400 para dv zero" time="0.007">
    </testcase>
    <testcase classname="POST /api/markup/calcularMarkupMultiplicador deve retornar erro 400 para df zero" name="POST /api/markup/calcularMarkupMultiplicador deve retornar erro 400 para df zero" time="0.009">
    </testcase>
    <testcase classname="POST /api/markup/calcularMarkupMultiplicador deve retornar erro 400 para ml zero" name="POST /api/markup/calcularMarkupMultiplicador deve retornar erro 400 para ml zero" time="0.009">
    </testcase>
    <testcase classname="POST /api/markup/calcularMarkupMultiplicador deve retornar erro 400 para valores negativos" name="POST /api/markup/calcularMarkupMultiplicador deve retornar erro 400 para valores negativos" time="0.01">
    </testcase>
    <testcase classname="POST /api/markup/calcularDesconto deve calcular desconto de 10%" name="POST /api/markup/calcularDesconto deve calcular desconto de 10%" time="0.004">
    </testcase>
    <testcase classname="POST /api/markup/calcularDesconto deve calcular desconto de 0% (sem desconto)" name="POST /api/markup/calcularDesconto deve calcular desconto de 0% (sem desconto)" time="0.004">
    </testcase>
    <testcase classname="POST /api/markup/calcularDesconto deve calcular desconto de 100% (preço zero)" name="POST /api/markup/calcularDesconto deve calcular desconto de 100% (preço zero)" time="0.045">
    </testcase>
    <testcase classname="POST /api/markup/calcularDesconto deve retornar erro 400 para preço zero" name="POST /api/markup/calcularDesconto deve retornar erro 400 para preço zero" time="0.008">
    </testcase>
    <testcase classname="POST /api/markup/calcularDesconto deve retornar erro 400 para desconto negativo" name="POST /api/markup/calcularDesconto deve retornar erro 400 para desconto negativo" time="0.008">
    </testcase>
    <testcase classname="POST /api/markup/calcularDesconto deve retornar erro 400 para desconto acima de 100%" name="POST /api/markup/calcularDesconto deve retornar erro 400 para desconto acima de 100%" time="0.006">
    </testcase>
  </testsuite>
</testsuites>